.......................................FFF..FFF.......................F. [ 13%]
................................................F....................... [ 27%]
...........................FF......FF................................... [ 40%]
........................................................................ [ 54%]
........................................................................ [ 67%]
.......F....F......................F......F...........F...F............. [ 81%]
....F.F..FFF.F..............F....................................FF..... [ 94%]
..FF.F.....................                                              [100%]
=================================== FAILURES ===================================
_________________ test_cb04_paper_open_long_returns_order_dict _________________
tests/proof/test_coinbase_broker.py:133: in test_cb04_paper_open_long_returns_order_dict
    assert result is not None
E   assert None is not None
________________________ test_cb04_paper_open_long_eth _________________________
tests/proof/test_coinbase_broker.py:142: in test_cb04_paper_open_long_eth
    assert result is not None
E   assert None is not None
________________ test_cb05_paper_open_short_returns_order_dict _________________
tests/proof/test_coinbase_broker.py:153: in test_cb05_paper_open_short_returns_order_dict
    assert result is not None
E   assert None is not None
________________ test_cb07_duplicate_open_long_allowed_up_to_3 _________________
tests/proof/test_coinbase_broker.py:208: in test_cb07_duplicate_open_long_allowed_up_to_3
    assert first is not None, "First open should succeed"
E   AssertionError: First open should succeed
E   assert None is not None
________________ test_cb07_duplicate_open_short_allowed_up_to_3 ________________
tests/proof/test_coinbase_broker.py:225: in test_cb07_duplicate_open_short_allowed_up_to_3
    assert first is not None
E   assert None is not None
_____________________ test_cb07_close_then_reopen_allowed ______________________
tests/proof/test_coinbase_broker.py:243: in test_cb07_close_then_reopen_allowed
    assert second is not None, "Reopen after close should be allowed"
E   AssertionError: Reopen after close should be allowed
E   assert None is not None
_______________ test_ct09_spot_position_already_open_blocks_spot _______________
tests/proof/test_crypto_tradeability.py:381: in test_ct09_spot_position_already_open_blocks_spot
    assert result["lane"] in ("perp", "blocked"), (
E   AssertionError: Expected perp or blocked, got spot
E   assert 'spot' in ('perp', 'blocked')
________ test_decision_quality_widget_renders_created_at_backed_summary ________
tests/proof/test_dashboard_harness.py:114: in test_decision_quality_widget_renders_created_at_backed_summary
    assert any("Won (trade worked)" in value for value in rendered)
E   assert False
E    +  where False = any(<generator object test_decision_quality_widget_renders_created_at_backed_summary.<locals>.<genexpr> at 0x775ea6d64fb0>)
----------------------------- Captured stderr call -----------------------------
2026-05-12 20:58:08.200 Thread 'MainThread': missing ScriptRunContext! This warning can be ignored when running in bare mode.
___________________ test_dt01_get_open_positions_returns_all ___________________
tests/proof/test_dashboard_truth_contract.py:117: in test_dt01_get_open_positions_returns_all
    assert "v10_perp" in strategies, "get_open_positions must include perp positions"
E   AssertionError: get_open_positions must include perp positions
E   assert 'v10_perp' in set()
__________________ test_dt02_get_perp_positions_excludes_spot __________________
tests/proof/test_dashboard_truth_contract.py:140: in test_dt02_get_perp_positions_excludes_spot
    assert len(positions) == 1
E   assert 0 == 1
E    +  where 0 = len([])
__________________ test_dt05_spot_perp_counts_are_independent __________________
tests/proof/test_dashboard_truth_contract.py:428: in test_dt05_spot_perp_counts_are_independent
    assert perp_count == 1, f"Expected 1 perp position, got {perp_count}"
E   AssertionError: Expected 1 perp position, got 0
E   assert 0 == 1
____________ test_dt06_paper_spot_balance_summary_uses_db_positions ____________
tests/proof/test_dashboard_truth_contract.py:451: in test_dt06_paper_spot_balance_summary_uses_db_positions
    assert summary["source"] == "paper_db"
E   AssertionError: assert 'live_api_error' == 'paper_db'
E     
E     - paper_db
E     + live_api_error
------------------------------ Captured log call -------------------------------
ERROR    execution.coinbase_spot_broker:coinbase_spot_broker.py:250 [spot] Cannot connect live: CDP credentials not set
WARNING  execution.coinbase_spot_broker:coinbase_spot_broker.py:299 [spot] get_spot_balance error: Unable to load PEM file. See https://cryptography.io/en/latest/faq/#why-can-t-i-import-my-pem-file for more details. MalformedFraming
WARNING  data.balance:balance.py:297 [balance] get_spot_balance_summary error: Unable to load PEM file. See https://cryptography.io/en/latest/faq/#why-can-t-i-import-my-pem-file for more details. MalformedFraming
_____________ test_paper_positions_still_shown_in_paper_dashboard ______________
tests/proof/test_live_mode_paper_gate.py:159: in test_paper_positions_still_shown_in_paper_dashboard
    assert len(positions) == 1
E   assert 0 == 1
E    +  where 0 = len([])
_______________ test_live_performance_stats_include_live_trades ________________
tests/proof/test_live_mode_paper_gate.py:307: in test_live_performance_stats_include_live_trades
    assert stats["closes"] == 1
E   assert 0 == 1
_______________ test_risk_engine_updates_var_from_trade_history ________________
tests/proof/test_risk_and_kill_switch.py:24: in test_risk_engine_updates_var_from_trade_history
    assert report["var_95"] > 0
E   assert 0.0 > 0
___________________ test_paper_kill_switch_still_uses_75_pct ___________________
tests/proof/test_risk_and_kill_switch.py:138: in test_paper_kill_switch_still_uses_75_pct
    assert kill_switch.is_halted() is True
E   AssertionError: assert False is True
E    +  where False = <function is_halted at 0x775e92673c40>()
E    +    where <function is_halted at 0x775e92673c40> = <module 'kill_switch' from '/root/trading-bot-main/kill_switch.py'>.is_halted
____________________ test_position_reconciler_repairs_flags ____________________
tests/proof/test_runtime_layer.py:296: in test_position_reconciler_repairs_flags
    assert len(repairs) == 1, f"Expected 1 repair, got {len(repairs)}: {repairs}"
E   AssertionError: Expected 1 repair, got 0: []
E   assert 0 == 1
E    +  where 0 = len([])
__________________ test_lane_registry_mes_disabled_by_default __________________
tests/proof/test_runtime_layer.py:396: in test_lane_registry_mes_disabled_by_default
    assert "crypto" in active_ids, "crypto should be active in paper mode"
E   AssertionError: crypto should be active in paper mode
E   assert 'crypto' in []
________ test_scc01_ml_retrain_check_waits_for_time_and_trade_threshold ________
tests/proof/test_scheduler_cadence_config.py:33: in test_scc01_ml_retrain_check_waits_for_time_and_trade_threshold
    assert ll.called is True
E   assert False is True
E    +  where False = <test_scheduler_cadence_config.test_scc01_ml_retrain_check_waits_for_time_and_trade_threshold.<locals>._Learning object at 0x775e41dd4140>.called
____________________ test_sdt01_target_hit_closes_position _____________________
tests/proof/test_spot_day_trading.py:141: in test_sdt01_target_hit_closes_position
    assert len(closed) == 1
E   assert 0 == 1
E    +  where 0 = len([])
------------------------------ Captured log call -------------------------------
WARNING  repo_indicators:indicators.py:19 [indicators] pandas-ta not found, using fallback calculations
ERROR    execution.coinbase_spot_broker:coinbase_spot_broker.py:250 [spot] Cannot connect live: CDP credentials not set
__________________ test_sdt04_eod_close_at_time_when_enabled ___________________
tests/proof/test_spot_day_trading.py:179: in test_sdt04_eod_close_at_time_when_enabled
    assert len(closed) == 1
E   assert 0 == 1
E    +  where 0 = len([])
------------------------------ Captured log call -------------------------------
ERROR    execution.coinbase_spot_broker:coinbase_spot_broker.py:250 [spot] Cannot connect live: CDP credentials not set
_____________ test_sdt05_open_spot_persists_scalp_target_metadata ______________
tests/proof/test_spot_day_trading.py:199: in test_sdt05_open_spot_persists_scalp_target_metadata
    assert result is not None
E   assert None is not None
------------------------------ Captured log call -------------------------------
ERROR    execution.coinbase_spot_broker:coinbase_spot_broker.py:250 [spot] Cannot connect live: CDP credentials not set
_________________ test_sdt06_stagnation_exit_closes_dead_trade _________________
tests/proof/test_spot_day_trading.py:240: in test_sdt06_stagnation_exit_closes_dead_trade
    assert len(closed) == 1
E   assert 0 == 1
E    +  where 0 = len([])
------------------------------ Captured log call -------------------------------
ERROR    execution.coinbase_spot_broker:coinbase_spot_broker.py:250 [spot] Cannot connect live: CDP credentials not set
________________ test_sdt08_thesis_decay_closes_after_hold_gate ________________
tests/proof/test_spot_day_trading.py:273: in test_sdt08_thesis_decay_closes_after_hold_gate
    assert len(closed) == 1
E   assert 0 == 1
E    +  where 0 = len([])
------------------------------ Captured log call -------------------------------
ERROR    execution.coinbase_spot_broker:coinbase_spot_broker.py:250 [spot] Cannot connect live: CDP credentials not set
____________ test_sli01_spot_close_persists_learning_and_tv_lineage ____________
tests/proof/test_spot_learning_ingestion.py:95: in test_sli01_spot_close_persists_learning_and_tv_lineage
    assert result is not None
E   assert None is not None
------------------------------ Captured log call -------------------------------
ERROR    execution.coinbase_spot_broker:coinbase_spot_broker.py:250 [spot] Cannot connect live: CDP credentials not set
ERROR    execution.coinbase_spot_broker:coinbase_spot_broker.py:250 [spot] Cannot connect live: CDP credentials not set
_______________________ test_sp06_writes_to_trades_table _______________________
tests/proof/test_spot_starter_lane.py:239: in test_sp06_writes_to_trades_table
    assert result is not None, "open_spot should succeed"
E   AssertionError: open_spot should succeed
E   assert None is not None
------------------------------ Captured log call -------------------------------
ERROR    execution.coinbase_spot_broker:coinbase_spot_broker.py:250 [spot] Cannot connect live: CDP credentials not set
_______________________ test_sp07_no_perp_contamination ________________________
tests/proof/test_spot_starter_lane.py:300: in test_sp07_no_perp_contamination
    assert "BTC" in symbols, "spot BTC must appear in spot positions"
E   AssertionError: spot BTC must appear in spot positions
E   assert 'BTC' in []
------------------------------ Captured log call -------------------------------
ERROR    execution.coinbase_spot_broker:coinbase_spot_broker.py:250 [spot] Cannot connect live: CDP credentials not set
______ test_stl01_truth_service_hides_db_only_stale_from_live_open_counts ______
tests/proof/test_spot_truth_lane_contract.py:47: in test_stl01_truth_service_hides_db_only_stale_from_live_open_counts
    assert any(
E   assert False
E    +  where False = any(<generator object test_stl01_truth_service_hides_db_only_stale_from_live_open_counts.<locals>.<genexpr> at 0x775e41c01220>)
________ test_stl02_truth_service_marks_seeded_manual_holdings_visible _________
tests/proof/test_spot_truth_lane_contract.py:73: in test_stl02_truth_service_marks_seeded_manual_holdings_visible
    assert row["position_truth_status"] == "external_manual"
E   AssertionError: assert 'unclassified' == 'external_manual'
E     
E     - external_manual
E     + unclassified
_____________ test_stl03b_open_spot_halts_on_paper_like_live_order _____________
tests/proof/test_spot_truth_lane_contract.py:166: in test_stl03b_open_spot_halts_on_paper_like_live_order
    assert result is None
E   AssertionError: assert {'candidate_id': 0, 'entry': 85000.0, 'execution_route': 'maker_first', 'fee_usd': 0.0, ...} is None
------------------------------ Captured log call -------------------------------
ERROR    execution.coinbase_spot_broker:coinbase_spot_broker.py:250 [spot] Cannot connect live: CDP credentials not set
=============================== warnings summary ===============================
tests/proof/test_forecast_lane.py::test_discovery_rejects_non_economic_markets
  /root/trading-bot-main/execution/forecastex_broker.py:41: DeprecationWarning: There is no current event loop
    asyncio.get_event_loop()

tests/proof/test_spot_scalp_math.py::test_ssm05_timeframe_state_reports_impulse_and_path_metrics
tests/proof/test_spot_truth_lane_contract.py::test_stl03_open_spot_allows_external_manual_same_symbol
tests/proof/test_spot_truth_lane_contract.py::test_stl03_open_spot_allows_external_manual_same_symbol
tests/proof/test_spot_truth_lane_contract.py::test_stl03_open_spot_allows_external_manual_same_symbol
tests/proof/test_spot_truth_lane_contract.py::test_stl03_open_spot_allows_external_manual_same_symbol
  /root/trading-bot-main/data/indicators.py:277: Pandas4Warning: The copy keyword is deprecated and will be removed in a future version. Copy-on-Write is active in pandas since 3.0 which utilizes a lazy copy mechanism that defers copies until necessary. Use .copy() to make an eager copy if necessary.
    _prev_squeeze = df['squeeze_on'].shift(1).infer_objects(copy=False).fillna(False).astype(bool)

tests/proof/test_spot_scalp_math.py: 320 warnings
tests/proof/test_spot_truth_lane_contract.py: 1554 warnings
  /root/trading-bot-main/venv/lib/python3.12/site-packages/pandas/core/internals/blocks.py:347: DeprecationWarning: Bitwise inversion '~' on bool is deprecated. This returns the bitwise inversion of the underlying int object and is usually not what you expect from negating a bool. Use the 'not' operator for boolean negation or ~int(x) if you really want the bitwise inversion of the underlying int.
    result = func(self.values, **kwargs)

tests/proof/test_spot_scalp_math.py::test_ssm05_timeframe_state_reports_impulse_and_path_metrics
tests/proof/test_spot_truth_lane_contract.py::test_stl03_open_spot_allows_external_manual_same_symbol
tests/proof/test_spot_truth_lane_contract.py::test_stl03_open_spot_allows_external_manual_same_symbol
tests/proof/test_spot_truth_lane_contract.py::test_stl03_open_spot_allows_external_manual_same_symbol
tests/proof/test_spot_truth_lane_contract.py::test_stl03_open_spot_allows_external_manual_same_symbol
  /root/trading-bot-main/data/indicators.py:533: RuntimeWarning: invalid value encountered in divide
    _lrsi = np.where(_tot > 1e-10, _cu / _tot, 0.5)

tests/proof/test_spot_truth_lane_contract.py::test_stl04_close_spot_live_residual_repersists_position
  /root/trading-bot-main/spot_engine.py:1247: DeprecationWarning: datetime.datetime.utcnow() is deprecated and scheduled for removal in a future version. Use timezone-aware objects to represent datetimes in UTC: datetime.datetime.now(datetime.UTC).
    exit_ts=datetime.datetime.utcnow().isoformat(),

-- Docs: https://docs.pytest.org/en/stable/how-to/capture-warnings.html
=========================== short test summary info ============================
FAILED tests/proof/test_coinbase_broker.py::test_cb04_paper_open_long_returns_order_dict
FAILED tests/proof/test_coinbase_broker.py::test_cb04_paper_open_long_eth - a...
FAILED tests/proof/test_coinbase_broker.py::test_cb05_paper_open_short_returns_order_dict
FAILED tests/proof/test_coinbase_broker.py::test_cb07_duplicate_open_long_allowed_up_to_3
FAILED tests/proof/test_coinbase_broker.py::test_cb07_duplicate_open_short_allowed_up_to_3
FAILED tests/proof/test_coinbase_broker.py::test_cb07_close_then_reopen_allowed
FAILED tests/proof/test_crypto_tradeability.py::test_ct09_spot_position_already_open_blocks_spot
FAILED tests/proof/test_dashboard_harness.py::test_decision_quality_widget_renders_created_at_backed_summary
FAILED tests/proof/test_dashboard_truth_contract.py::test_dt01_get_open_positions_returns_all
FAILED tests/proof/test_dashboard_truth_contract.py::test_dt02_get_perp_positions_excludes_spot
FAILED tests/proof/test_dashboard_truth_contract.py::test_dt05_spot_perp_counts_are_independent
FAILED tests/proof/test_dashboard_truth_contract.py::test_dt06_paper_spot_balance_summary_uses_db_positions
FAILED tests/proof/test_live_mode_paper_gate.py::test_paper_positions_still_shown_in_paper_dashboard
FAILED tests/proof/test_live_mode_paper_gate.py::test_live_performance_stats_include_live_trades
FAILED tests/proof/test_risk_and_kill_switch.py::test_risk_engine_updates_var_from_trade_history
FAILED tests/proof/test_risk_and_kill_switch.py::test_paper_kill_switch_still_uses_75_pct
FAILED tests/proof/test_runtime_layer.py::test_position_reconciler_repairs_flags
FAILED tests/proof/test_runtime_layer.py::test_lane_registry_mes_disabled_by_default
FAILED tests/proof/test_scheduler_cadence_config.py::test_scc01_ml_retrain_check_waits_for_time_and_trade_threshold
FAILED tests/proof/test_spot_day_trading.py::test_sdt01_target_hit_closes_position
FAILED tests/proof/test_spot_day_trading.py::test_sdt04_eod_close_at_time_when_enabled
FAILED tests/proof/test_spot_day_trading.py::test_sdt05_open_spot_persists_scalp_target_metadata
FAILED tests/proof/test_spot_day_trading.py::test_sdt06_stagnation_exit_closes_dead_trade
FAILED tests/proof/test_spot_day_trading.py::test_sdt08_thesis_decay_closes_after_hold_gate
FAILED tests/proof/test_spot_learning_ingestion.py::test_sli01_spot_close_persists_learning_and_tv_lineage
FAILED tests/proof/test_spot_starter_lane.py::test_sp06_writes_to_trades_table
FAILED tests/proof/test_spot_starter_lane.py::test_sp07_no_perp_contamination
FAILED tests/proof/test_spot_truth_lane_contract.py::test_stl01_truth_service_hides_db_only_stale_from_live_open_counts
FAILED tests/proof/test_spot_truth_lane_contract.py::test_stl02_truth_service_marks_seeded_manual_holdings_visible
FAILED tests/proof/test_spot_truth_lane_contract.py::test_stl03b_open_spot_halts_on_paper_like_live_order
30 failed, 501 passed, 1886 warnings in 161.29s (0:02:41)
